
> tour-management-system@0.1.0 build
> next build

   ??Next.js 15.5.2
   - Environments: .env.local
   - Experiments (use with caution):
     ??optimizeCss
     ??scrollRestoration

   Creating an optimized production build ...
 ??Compiled successfully in 15.6s
   Skipping validation of types
   Skipping linting
   Collecting page data ...
   Generating static pages (0/50) ...
   Generating static pages (12/50) 
   Generating static pages (24/50) 
   Generating static pages (37/50) 
 ??Generating static pages (50/50)
   Finalizing page optimization ...
   Collecting build traces ...

Route (app)                                                      Size  First Load JS
????/                                                           291 B         257 kB
????/_not-found                                                 255 B         257 kB
??? /[locale]                                                 2.99 kB         302 kB
??? /[locale]/admin                                           1.56 kB         258 kB
??? /[locale]/admin/attendance                                9.03 kB         308 kB
??? /[locale]/admin/audit-logs                                4.13 kB         303 kB
??? /[locale]/admin/booking                                   10.8 kB         313 kB
??? /[locale]/admin/channels                                  7.46 kB         306 kB
??? /[locale]/admin/chat-management                           10.6 kB         310 kB
??? /[locale]/admin/coupons                                   5.73 kB         300 kB
??? /[locale]/admin/customers                                 12.6 kB         334 kB
??? /[locale]/admin/data-review                               7.31 kB         302 kB
??? /[locale]/admin/data-sync                                   15 kB         310 kB
??? /[locale]/admin/dev-tools                                 4.56 kB         303 kB
??? /[locale]/admin/dev-tools/customer-simulator              2.56 kB         301 kB
??? /[locale]/admin/dev-tools/position-simulator              3.77 kB         303 kB
??? /[locale]/admin/documents                                 9.57 kB         308 kB
??? /[locale]/admin/guide-costs                               2.75 kB         260 kB
??? /[locale]/admin/off-schedule                              4.54 kB         303 kB
??? /[locale]/admin/options                                   4.78 kB         300 kB
??? /[locale]/admin/pickup-hotels                             17.9 kB         315 kB
??? /[locale]/admin/products                                     7 kB         302 kB
??? /[locale]/admin/products/[id]                             69.2 kB         380 kB
??? /[locale]/admin/products/[id]/details                     3.27 kB         298 kB
??? /[locale]/admin/products/common-details                   3.31 kB         302 kB
??? /[locale]/admin/reservations                              16.8 kB         341 kB
??? /[locale]/admin/reservations/[id]                         2.29 kB         331 kB
??? /[locale]/admin/reservations/[id]/documents/confirmation  1.72 kB         302 kB
??? /[locale]/admin/reservations/[id]/documents/pickup        1.56 kB         302 kB
??? /[locale]/admin/reservations/[id]/documents/receipt       1.66 kB         302 kB
??? /[locale]/admin/reservations/statistics                   4.14 kB         302 kB
??? /[locale]/admin/reservations/templates                    8.84 kB         309 kB
??? /[locale]/admin/suppliers                                 4.17 kB         299 kB
??? /[locale]/admin/suppliers/settlement                      3.13 kB         298 kB
??? /[locale]/admin/team                                      7.83 kB         303 kB
??? /[locale]/admin/team-board                                10.1 kB         309 kB
??? /[locale]/admin/team-chat                                 10.4 kB         309 kB
??? /[locale]/admin/team-chat/[id]                              588 B         257 kB
??? /[locale]/admin/test                                        585 B         257 kB
??? /[locale]/admin/tour-courses                              6.33 kB         310 kB
??? /[locale]/admin/tour-materials                            9.47 kB         308 kB
??? /[locale]/admin/tour-photo-buckets                        5.84 kB         301 kB
??? /[locale]/admin/tour-reports                              1.93 kB         311 kB
??? /[locale]/admin/tours                                     4.55 kB         321 kB
??? /[locale]/admin/tours/[id]                                24.5 kB         386 kB
??? /[locale]/admin/vehicle-types                             3.24 kB         298 kB
??? /[locale]/admin/vehicles                                  11.9 kB         307 kB
??? /[locale]/auth                                            4.21 kB         303 kB
??? /[locale]/auth/callback                                     710 B         258 kB
??? /[locale]/auth/reset-password                             2.43 kB         301 kB
??? /[locale]/dashboard                                       4.07 kB         303 kB
??? /[locale]/dashboard/profile                               2.77 kB         302 kB
??? /[locale]/dashboard/reservations                          4.78 kB         304 kB
??? /[locale]/guide                                           5.08 kB         304 kB
??? /[locale]/guide/chat                                      5.96 kB         305 kB
??? /[locale]/guide/debug                                     1.49 kB         300 kB
??? /[locale]/guide/documents                                  2.9 kB         302 kB
??? /[locale]/guide/team-board                                5.08 kB         304 kB
??? /[locale]/guide/team-chat                                 4.59 kB         304 kB
??? /[locale]/guide/team-chat/[id]                              591 B         257 kB
??? /[locale]/guide/test-redirect                               952 B         300 kB
??? /[locale]/guide/tour-courses                              3.98 kB         299 kB
??? /[locale]/guide/tour-materials                            3.48 kB         298 kB
??? /[locale]/guide/tours                                     4.34 kB         321 kB
??? /[locale]/guide/tours/[id]                                 7.8 kB         336 kB
??? /[locale]/off-schedule                                    2.57 kB         301 kB
??? /[locale]/products                                        2.97 kB         260 kB
??? /[locale]/products/[id]                                   6.06 kB         303 kB
????/admin/check-mdgc-schedules                               1.82 kB         297 kB
????/admin/restore-mdgc-schedules                             3.24 kB         298 kB
??? /api/attendance-records                                     291 B         257 kB
??? /api/check-table                                            291 B         257 kB
??? /api/create-table                                           291 B         257 kB
??? /api/cron/sync                                              291 B         257 kB
??? /api/document-templates                                     291 B         257 kB
??? /api/guide-costs                                            291 B         257 kB
??? /api/guide-costs/test                                       291 B         257 kB
??? /api/payment-records                                        291 B         257 kB
??? /api/payment-records/[id]                                   291 B         257 kB
??? /api/payment-records/sync-to-sheets                         291 B         257 kB
??? /api/pricing/history                                        291 B         257 kB
??? /api/reservation-options                                    291 B         257 kB
??? /api/reservation-options/[reservationId]                    291 B         257 kB
??? /api/reservation-options/export                             291 B         257 kB
??? /api/reservation-pricing                                    291 B         257 kB
??? /api/reservations/cleanup                                   291 B         257 kB
??? /api/reservations/update-pickup                             291 B         257 kB
??? /api/sync/all-tables                                        291 B         257 kB
??? /api/sync/clear-cache                                       291 B         257 kB
??? /api/sync/flexible                                          291 B         257 kB
??? /api/sync/flexible/stream                                   291 B         257 kB
??? /api/sync/history                                           291 B         257 kB
??? /api/sync/incremental                                       291 B         257 kB
??? /api/sync/periodic                                          291 B         257 kB
??? /api/sync/reservation-cleanup                               291 B         257 kB
??? /api/sync/schema                                            291 B         257 kB
??? /api/sync/sheet-columns                                     291 B         257 kB
??? /api/sync/sheets                                            291 B         257 kB
??? /api/sync/stats                                             291 B         257 kB
??? /api/sync/tables                                            291 B         257 kB
??? /api/sync/upload                                            291 B         257 kB
??? /api/team-chat/last-message                                 291 B         257 kB
??? /api/team-chat/messages                                     291 B         257 kB
??? /api/team-chat/participants                                 291 B         257 kB
??? /api/team-chat/read-status                                  291 B         257 kB
??? /api/team-chat/rooms                                        291 B         257 kB
??? /api/team-chat/unread-count                                 291 B         257 kB
??? /api/test-sql                                               291 B         257 kB
??? /api/test-sync                                              291 B         257 kB
??? /api/tour-reports                                           291 B         257 kB
??? /api/tour-reports/[id]                                      291 B         257 kB
??? /api/translate                                              291 B         257 kB
??? /api/upload                                                 291 B         257 kB
??? /api/weather-collector                                      291 B         257 kB
??? /api/weather-scheduler                                      291 B         257 kB
????/auth/callback                                            1.06 kB         258 kB
??? /chat/[code]                                              3.58 kB         313 kB
??? /photos/[token]                                           3.16 kB         298 kB
+ First Load JS shared by all                                  257 kB
  ??chunks/vendors-2898f16f-40085e5d1a0ddc54.js               18.7 kB
  ??chunks/vendors-351e52ed-ff602d1d86ac6b62.js               21.6 kB
  ??chunks/vendors-4497f2ad-d987d47bb5adfe65.js               13.8 kB
  ??chunks/vendors-6185be05-75c8bbf01896ccd2.js               13.7 kB
  ??chunks/vendors-a6d3441b-6f0cc672167e9be8.js               18.1 kB
  ??chunks/vendors-abda2f14-8bb5e61802ad2f94.js                 14 kB
  ??chunks/vendors-c0d76f48-0d4c38df70645777.js                 11 kB
  ??chunks/vendors-eb2fbf4c-c233273134964dc5.js               12.6 kB
  ??chunks/vendors-fbd10709-0638224cdcc8becc.js               12.3 kB
  ??chunks/vendors-ff30e0d3-33ba225d919ecb1b.js               54.2 kB
  ??other shared chunks (total)                               66.7 kB


?? (Static)   prerendered as static content
?  (Dynamic)  server-rendered on demand

